// Jest Snapshot v1, https://goo.gl/fbAQLP

exports[`App component displays correct components 1`] = `
<div>
  <nav
    class="navbar navbar-expand-lg navbar-dark bg-dark"
  >
    <a
      class="navbar-brand"
      href="#home"
    >
      <img
        alt="Salhouse Goldens logo, pheonix and kulu laying down in the bushes looking at camera"
        class="shlogo d-inline-block align-top"
        src="images/logo.jpeg"
      />
    </a>
    <button
      aria-controls="responsive-navbar-nav"
      aria-label="Toggle navigation"
      class="navbar-toggler collapsed"
      type="button"
    >
      <span
        class="navbar-toggler-icon"
      />
    </button>
    <div
      class="navbar-collapse collapse"
      id="responsive-navbar-nav"
    >
      <div
        class="ml-auto navbar-nav"
      >
        <a
          class="nav-link"
          data-rb-event-key="#home"
          href="#home"
        >
          Home
        </a>
        <div
          class="dropdown nav-item"
        >
          <a
            aria-expanded="false"
            aria-haspopup="true"
            class="dropdown-toggle nav-link"
            href="#"
            id="collasible-nav-dropdown"
            role="button"
          >
            About Us
          </a>
        </div>
        <div
          class="dropdown nav-item"
        >
          <a
            aria-expanded="false"
            aria-haspopup="true"
            class="dropdown-toggle nav-link"
            href="#"
            id="collasible-nav-dropdown"
            role="button"
          >
            Our Goldens
          </a>
        </div>
        <div
          class="dropdown nav-item"
        >
          <a
            aria-expanded="false"
            aria-haspopup="true"
            class="dropdown-toggle nav-link"
            href="#"
            id="collasible-nav-dropdown"
            role="button"
          >
            Grooming Your Golden
          </a>
        </div>
        <a
          class="nav-link"
          data-rb-event-key="#links"
          href="#links"
        >
          Links
        </a>
        <a
          class="nav-link"
          data-rb-event-key="#contact"
          href="#contact"
        >
          Contact
        </a>
      </div>
    </div>
  </nav>
</div>
`;
